<?xml version="1.0" encoding="utf-8"?><testsuites><testsuite name="pytest" errors="0" failures="0" skipped="0" tests="5" time="0.430" timestamp="2025-04-23T22:25:03.007335" hostname="DESKTOP-ARJBBQU"><testcase classname="tests.test_calculator.TestCalculator" name="test_add" time="0.008" /><testcase classname="tests.test_calculator.TestCalculator" name="test_divide" time="0.002" /><testcase classname="tests.test_calculator.TestCalculator" name="test_divide_by_zero" time="0.002" /><testcase classname="tests.test_calculator.TestCalculator" name="test_multiply" time="0.005" /><testcase classname="tests.test_calculator.TestCalculator" name="test_subtract" time="0.005" /></testsuite></testsuites>